[2026-06-29T10:24:14Z] ================ FULL SUITE START ================
[2026-06-29T10:24:14Z] START exp1_sftlite_train_s0
[2026-06-29T10:25:05Z] OK    exp1_sftlite_train_s0
[2026-06-29T10:25:05Z] START exp1_sftlite_eval_s0
[2026-06-29T10:43:12Z] OK    exp1_sftlite_eval_s0
[2026-06-29T10:43:12Z] START exp1_sftlite_train_s1
[2026-06-29T10:44:02Z] OK    exp1_sftlite_train_s1
[2026-06-29T10:44:02Z] START exp1_sftlite_eval_s1
[2026-06-29T11:02:51Z] OK    exp1_sftlite_eval_s1
[2026-06-29T11:02:51Z] START exp1_sftlite_train_s2
[2026-06-29T11:03:41Z] OK    exp1_sftlite_train_s2
[2026-06-29T11:03:41Z] START exp1_sftlite_eval_s2
[2026-06-29T11:21:20Z] OK    exp1_sftlite_eval_s2
[2026-06-29T11:21:20Z] START exp1_select_prompts
[2026-06-29T11:39:37Z] OK    exp1_select_prompts
[2026-06-29T11:39:37Z] START exp1_rllite_train_s0
[2026-06-29T12:06:58Z] OK    exp1_rllite_train_s0
[2026-06-29T12:06:58Z] START exp1_rllite_eval_s0
[2026-06-29T12:23:40Z] OK    exp1_rllite_eval_s0
[2026-06-29T12:23:40Z] START exp1_rllite_train_s1
[2026-06-29T12:49:50Z] OK    exp1_rllite_train_s1
[2026-06-29T12:49:50Z] START exp1_rllite_eval_s1
[2026-06-29T13:06:38Z] OK    exp1_rllite_eval_s1
[2026-06-29T13:06:38Z] START exp1_rllite_train_s2
[2026-06-29T13:30:52Z] OK    exp1_rllite_train_s2
[2026-06-29T13:30:52Z] START exp1_rllite_eval_s2
[2026-06-29T13:47:48Z] OK    exp1_rllite_eval_s2
[2026-06-29T13:47:48Z] START exp3_build_zeroshot
[2026-06-29T13:48:26Z] OK    exp3_build_zeroshot
[2026-06-29T13:48:26Z] START exp3_sftzs_train_s0
[2026-06-29T13:51:18Z] OK    exp3_sftzs_train_s0
[2026-06-29T13:51:18Z] START exp3_sftzs_eval_s0
[2026-06-29T14:07:29Z] OK    exp3_sftzs_eval_s0
[2026-06-29T14:07:29Z] START exp3_sftzs_train_s1
[2026-06-29T14:10:22Z] OK    exp3_sftzs_train_s1
[2026-06-29T14:10:22Z] START exp3_sftzs_eval_s1
[2026-06-29T14:26:47Z] OK    exp3_sftzs_eval_s1
[2026-06-29T14:26:47Z] START exp3_sftzs_train_s2
[2026-06-29T14:29:40Z] OK    exp3_sftzs_train_s2
[2026-06-29T14:29:40Z] START exp3_sftzs_eval_s2
[2026-06-29T14:45:42Z] OK    exp3_sftzs_eval_s2
[2026-06-29T14:45:42Z] START exp4_repair_build
[2026-06-29T14:45:47Z] OK    exp4_repair_build
[2026-06-29T14:45:47Z] START exp4_repair_base
[2026-06-29T14:56:21Z] OK    exp4_repair_base
[2026-06-29T14:56:21Z] START exp4_repair_sftv2
[2026-06-29T15:10:04Z] OK    exp4_repair_sftv2
[2026-06-29T15:10:04Z] START exp4_repair_sftzs
[2026-06-29T15:23:16Z] OK    exp4_repair_sftzs
[2026-06-29T15:23:16Z] START exp2a_base_eval_s0
[2026-06-29T15:41:56Z] OK    exp2a_base_eval_s0
[2026-06-29T15:41:56Z] START exp2a_sft_train_s0
[2026-06-29T15:43:38Z] OK    exp2a_sft_train_s0
[2026-06-29T15:43:38Z] START exp2a_sft_eval_s0
[2026-06-29T15:57:27Z] OK    exp2a_sft_eval_s0
[2026-06-29T15:57:27Z] START exp2a_rl_train_s0
[2026-06-29T16:04:33Z] OK    exp2a_rl_train_s0
[2026-06-29T16:04:33Z] START exp2a_rl_eval_s0
[2026-06-29T16:18:52Z] OK    exp2a_rl_eval_s0
[2026-06-29T16:18:52Z] START exp2a_base_eval_s1
[2026-06-29T16:37:41Z] OK    exp2a_base_eval_s1
[2026-06-29T16:37:41Z] START exp2a_sft_train_s1
[2026-06-29T16:39:23Z] OK    exp2a_sft_train_s1
[2026-06-29T16:39:23Z] START exp2a_sft_eval_s1
[2026-06-29T16:53:30Z] OK    exp2a_sft_eval_s1
[2026-06-29T16:53:30Z] START exp2a_rl_train_s1
[2026-06-29T17:00:36Z] OK    exp2a_rl_train_s1
[2026-06-29T17:00:36Z] START exp2a_rl_eval_s1
[2026-06-29T17:13:43Z] OK    exp2a_rl_eval_s1
[2026-06-29T17:13:43Z] START exp2a_base_eval_s2
[2026-06-29T17:32:11Z] OK    exp2a_base_eval_s2
[2026-06-29T17:32:11Z] START exp2a_sft_train_s2
[2026-06-29T17:33:53Z] OK    exp2a_sft_train_s2
[2026-06-29T17:33:53Z] START exp2a_sft_eval_s2
[2026-06-29T17:47:39Z] OK    exp2a_sft_eval_s2
[2026-06-29T17:47:39Z] START exp2a_rl_train_s2
[2026-06-29T17:54:52Z] OK    exp2a_rl_train_s2
[2026-06-29T17:54:52Z] START exp2a_rl_eval_s2
[2026-06-29T18:08:46Z] OK    exp2a_rl_eval_s2
[2026-06-29T18:08:46Z] free HF cache before 14B: 45G free before
[2026-06-29T18:08:46Z] free HF cache before 14B: 62G free after
[2026-06-29T18:08:46Z] START exp2b_base_eval_s0
[2026-06-29T18:44:31Z] OK    exp2b_base_eval_s0
[2026-06-29T18:44:31Z] START exp2b_sft_train_s0
[2026-06-29T18:48:35Z] OK    exp2b_sft_train_s0
[2026-06-29T18:48:35Z] START exp2b_sft_eval_s0
[2026-06-29T22:37:23Z] ======= EXP2b 14B RESUME =======
[2026-06-29T22:37:23Z] START exp2b_sft_eval_s0
[2026-06-29T23:23:19Z] OK    exp2b_sft_eval_s0
[2026-06-29T23:23:19Z] START exp2b_rl_train_s0
[2026-06-29T23:37:23Z] OK    exp2b_rl_train_s0
[2026-06-29T23:37:23Z] START exp2b_rl_eval_s0
[2026-06-30T00:21:32Z] OK    exp2b_rl_eval_s0
[2026-06-30T00:21:32Z] START exp2b_base_eval_s1
[2026-06-30T00:56:16Z] OK    exp2b_base_eval_s1
[2026-06-30T00:56:16Z] START exp2b_sft_train_s1
[2026-06-30T01:00:20Z] OK    exp2b_sft_train_s1
[2026-06-30T01:00:20Z] START exp2b_sft_eval_s1
[2026-06-30T01:45:41Z] OK    exp2b_sft_eval_s1
[2026-06-30T01:45:41Z] START exp2b_rl_train_s1
[2026-06-30T01:59:40Z] OK    exp2b_rl_train_s1
[2026-06-30T01:59:40Z] START exp2b_rl_eval_s1
[2026-06-30T02:44:47Z] OK    exp2b_rl_eval_s1
[2026-06-30T02:44:47Z] START exp2b_base_eval_s2
[2026-06-30T03:20:41Z] OK    exp2b_base_eval_s2
[2026-06-30T03:20:41Z] START exp2b_sft_train_s2
[2026-06-30T03:24:45Z] OK    exp2b_sft_train_s2
[2026-06-30T03:24:45Z] START exp2b_sft_eval_s2
[2026-06-30T04:11:38Z] OK    exp2b_sft_eval_s2
[2026-06-30T04:11:38Z] START exp2b_rl_train_s2
[2026-06-30T04:25:41Z] OK    exp2b_rl_train_s2
[2026-06-30T04:25:41Z] START exp2b_rl_eval_s2
[2026-06-30T05:12:27Z] OK    exp2b_rl_eval_s2
[2026-06-30T05:12:27Z] ======= EXP2b 14B RESUME DONE =======
