Warning: You are sending unauthenticated requests to the HF Hub. Please set a HF_TOKEN to enable higher rate limits and faster downloads.
Loading weights:   0%|          | 0/339 [00:00<?, ?it/s]Loading weights:   1%|▏         | 5/339 [00:00<00:07, 41.94it/s]Loading weights:   6%|▌         | 20/339 [00:00<00:03, 100.83it/s]Loading weights:  12%|█▏        | 40/339 [00:00<00:02, 135.35it/s]Loading weights:  16%|█▌        | 54/339 [00:00<00:02, 135.27it/s]Loading weights:  22%|██▏       | 76/339 [00:00<00:01, 146.61it/s]Loading weights:  30%|██▉       | 101/339 [00:00<00:01, 168.54it/s]Loading weights:  35%|███▍      | 118/339 [00:00<00:01, 168.68it/s]Loading weights:  40%|████      | 136/339 [00:00<00:01, 170.57it/s]Loading weights:  47%|████▋     | 160/339 [00:01<00:00, 183.65it/s]Loading weights:  53%|█████▎    | 179/339 [00:01<00:00, 169.37it/s]Loading weights:  58%|█████▊    | 197/339 [00:01<00:00, 161.31it/s]Loading weights:  64%|██████▎   | 216/339 [00:01<00:00, 168.34it/s]Loading weights:  69%|██████▉   | 234/339 [00:01<00:00, 160.79it/s]Loading weights:  76%|███████▌  | 256/339 [00:01<00:00, 172.27it/s]Loading weights:  81%|████████▏ | 276/339 [00:01<00:00, 178.63it/s]Loading weights:  87%|████████▋ | 295/339 [00:01<00:00, 151.38it/s]Loading weights:  93%|█████████▎| 315/339 [00:02<00:00, 147.92it/s]Loading weights:  98%|█████████▊| 331/339 [00:02<00:00, 149.71it/s]Loading weights: 100%|██████████| 339/339 [00:02<00:00, 159.04it/s]
  E01_motor_interlock            best-of-10=n(10) repair=n(5)
  E02_tank_overflow              best-of-10=Y(1) repair=Y(1)
  E03_airlock_interlock          best-of-10=n(10) repair=n(5)
  E04_conveyor_permissive        best-of-10=Y(1) repair=Y(1)
  E05_alarm_latch                best-of-10=n(10) repair=n(5)
  E06_heater_overtemp            best-of-10=Y(1) repair=Y(1)
  E07_pump_dryrun_protection     best-of-10=Y(1) repair=Y(1)
  H01_intersection_signals       best-of-10=n(10) repair=n(5)
  H02_elevator_door_interlock    best-of-10=n(10) repair=n(5)
  H03_batch_reactor_sequence     best-of-10=n(10) repair=n(5)
  H04_parking_garage_counter     best-of-10=n(10) repair=n(5)
  M01_motor_startup_delay        best-of-10=n(10) repair=n(5)
  M02_star_delta_starter         best-of-10=n(10) repair=n(5)
  M03_pedestrian_crossing        best-of-10=n(10) repair=n(5)
  M04_tank_fill_drain_cycle      best-of-10=Y(3) repair=n(5)
  M05_conveyor_sequence          best-of-10=n(10) repair=n(5)
  M06_burner_purge_sequence      best-of-10=n(10) repair=n(5)
  M07_two_hand_control           best-of-10=n(10) repair=n(5)
  M08_pump_alternation           best-of-10=n(10) repair=n(5)
  M09_gate_limits_obstruction    best-of-10=n(10) repair=n(5)
  M10_three_conveyor_start       best-of-10=n(10) repair=n(5)
  M11_dosing_counter             best-of-10=Y(1) repair=n(5)
best-of-k: {"success_rate": 0.2727, "mean_oracle_calls": 7.636, "total_oracle_calls": 168, "tasks": 22}
repair   : {"success_rate": 0.1818, "mean_oracle_calls": 4.273, "total_oracle_calls": 94, "tasks": 22}
wrote results/exp7/sft_infer_s1.json
