Warning: You are sending unauthenticated requests to the HF Hub. Please set a HF_TOKEN to enable higher rate limits and faster downloads.
Loading weights:   0%|          | 0/339 [00:00<?, ?it/s]Loading weights:   0%|          | 1/339 [00:00<01:00,  5.61it/s]Loading weights:  10%|█         | 34/339 [00:00<00:02, 148.94it/s]Loading weights:  19%|█▉        | 65/339 [00:00<00:01, 200.93it/s]Loading weights:  30%|██▉       | 101/339 [00:00<00:00, 251.04it/s]Loading weights:  40%|████      | 136/339 [00:00<00:00, 265.85it/s]Loading weights:  51%|█████     | 172/339 [00:00<00:00, 268.53it/s]Loading weights:  62%|██████▏   | 209/339 [00:00<00:00, 290.28it/s]Loading weights:  72%|███████▏  | 244/339 [00:00<00:00, 290.38it/s]Loading weights:  83%|████████▎ | 280/339 [00:01<00:00, 301.76it/s]Loading weights:  92%|█████████▏| 311/339 [00:01<00:00, 297.28it/s]Loading weights: 100%|██████████| 339/339 [00:01<00:00, 265.35it/s]
  GEN_chain_1e2g_Motor           reward=0.76±0.35 verified=0.67 (keep)
  GEN_chain_2e1g_Motor           reward=0.91±0.20 verified=0.83 (keep)
  GEN_chain_2e2g_Motor           reward=0.85±0.34 verified=0.83 (keep)
  GEN_chain_3e2g_Motor           reward=0.74±0.39 verified=0.67 (keep)
  GEN_twospeed_Motor             reward=0.46±0.22 verified=0.00 (keep)
  GEN_chain_1e2g_Drive           reward=0.57±0.35 verified=0.33 (keep)
  GEN_chain_2e1g_Drive           reward=0.49±0.41 verified=0.33 (keep)
  GEN_chain_2e2g_Drive           reward=0.64±0.43 verified=0.50 (keep)
  GEN_chain_3e2g_Drive           reward=0.59±0.43 verified=0.50 (keep)
  GEN_twospeed_Drive             reward=0.48±0.30 verified=0.00 (keep)
  GEN_chain_1e2g_Pump            reward=0.85±0.34 verified=0.83 (keep)
  GEN_chain_2e1g_Pump            reward=0.76±0.35 verified=0.67 (keep)
  GEN_chain_2e2g_Pump            reward=0.70±0.42 verified=0.67 (keep)
  GEN_chain_3e2g_Pump            reward=0.45±0.40 verified=0.33 (keep)
  GEN_twospeed_Pump              reward=0.32±0.27 verified=0.00 (keep)
  GEN_chain_1e2g_Conveyor        reward=0.66±0.38 verified=0.50 (keep)
  GEN_chain_2e1g_Conveyor        reward=0.50±0.44 verified=0.33 (keep)
  GEN_chain_2e2g_Conveyor        reward=0.88±0.26 verified=0.83 (keep)
  GEN_chain_3e2g_Conveyor        reward=0.85±0.34 verified=0.83 (keep)
  GEN_twospeed_Conveyor          reward=0.50±0.27 verified=0.00 (keep)
  GEN_chain_1e2g_Mixer           reward=0.91±0.20 verified=0.83 (keep)
  GEN_chain_2e1g_Mixer           reward=0.30±0.35 verified=0.17 (keep)
  GEN_chain_2e2g_Mixer           reward=0.57±0.33 verified=0.33 (keep)
  GEN_chain_3e2g_Mixer           reward=0.86±0.22 verified=0.67 (keep)
  GEN_twospeed_Mixer             reward=0.41±0.30 verified=0.00 (keep)
  GEN_chain_1e2g_Hoist           reward=0.73±0.34 verified=0.50 (keep)
  GEN_chain_2e1g_Hoist           reward=0.97±0.07 verified=0.83 (keep)
  GEN_chain_2e2g_Hoist           reward=0.66±0.44 verified=0.50 (keep)
  GEN_chain_3e2g_Hoist           reward=0.68±0.45 verified=0.67 (keep)
  GEN_twospeed_Hoist             reward=0.46±0.22 verified=0.00 (keep)
  GEN_updown_2_Bay               reward=0.17±0.37 verified=0.17 (keep)
  GEN_updown_2_Slot              reward=0.37±0.45 verified=0.33 (keep)
  GEN_updown_2_Buffer            reward=0.20±0.36 verified=0.17 (keep)
  GEN_updown_3_Bay               reward=0.00±0.00 verified=0.00 
  GEN_updown_3_Slot              reward=0.00±0.00 verified=0.00 
  GEN_updown_3_Buffer            reward=0.02±0.04 verified=0.00 
  GEN_updown_4_Bay               reward=0.03±0.05 verified=0.00 
  GEN_updown_4_Slot              reward=0.02±0.04 verified=0.00 
  GEN_updown_4_Buffer            reward=0.17±0.37 verified=0.17 (keep)
  GEN_updown_5_Bay               reward=0.03±0.05 verified=0.00 
  GEN_updown_5_Slot              reward=0.18±0.37 verified=0.17 (keep)
  GEN_updown_5_Buffer            reward=0.17±0.37 verified=0.17 (keep)
  GEN_updown_6_Bay               reward=0.17±0.37 verified=0.17 (keep)
  GEN_updown_6_Slot              reward=0.02±0.04 verified=0.00 
  GEN_updown_6_Buffer            reward=0.20±0.36 verified=0.17 (keep)
  GEN_ordered_Feed_Mix           reward=0.10±0.14 verified=0.00 (keep)
  GEN_ordered_Pump_Heat          reward=0.29±0.42 verified=0.17 (keep)
  GEN_ordered_Conv1_Conv2        reward=0.52±0.35 verified=0.17 (keep)
  GEN_ordered_Lube_Spindle       reward=0.68±0.45 verified=0.67 (keep)
  GEN_ordered_Charge_Run         reward=0.00±0.00 verified=0.00 

selected 42 frontier prompts (of 42 with reward variance >= 0.05) -> finetune/data/rl_prompts_lite.jsonl
