Warning: You are sending unauthenticated requests to the HF Hub. Please set a HF_TOKEN to enable higher rate limits and faster downloads.
Loading weights:   0%|          | 0/339 [00:00<?, ?it/s]Loading weights:   0%|          | 1/339 [00:00<01:33,  3.61it/s]Loading weights:   5%|▌         | 18/339 [00:00<00:05, 58.14it/s]Loading weights:  12%|█▏        | 41/339 [00:00<00:02, 100.51it/s]Loading weights:  19%|█▉        | 65/339 [00:00<00:02, 136.39it/s]Loading weights:  24%|██▍       | 83/339 [00:00<00:01, 146.81it/s]Loading weights:  29%|██▉       | 100/339 [00:00<00:01, 139.33it/s]Loading weights:  37%|███▋      | 125/339 [00:01<00:01, 157.27it/s]Loading weights:  42%|████▏     | 144/339 [00:01<00:01, 163.73it/s]Loading weights:  48%|████▊     | 162/339 [00:01<00:01, 149.38it/s]Loading weights:  54%|█████▎    | 182/339 [00:01<00:00, 162.11it/s]Loading weights:  59%|█████▊    | 199/339 [00:01<00:00, 151.79it/s]Loading weights:  65%|██████▍   | 219/339 [00:01<00:00, 156.97it/s]Loading weights:  70%|██████▉   | 236/339 [00:01<00:00, 152.63it/s]Loading weights:  76%|███████▌  | 256/339 [00:01<00:00, 157.87it/s]Loading weights:  80%|████████  | 272/339 [00:01<00:00, 147.22it/s]Loading weights:  86%|████████▌ | 292/339 [00:02<00:00, 157.41it/s]Loading weights:  91%|█████████ | 308/339 [00:02<00:00, 150.65it/s]Loading weights:  97%|█████████▋| 329/339 [00:02<00:00, 160.42it/s]Loading weights: 100%|██████████| 339/339 [00:02<00:00, 144.98it/s]
  E01_motor_interlock              [easy  ] verified 0/10  taskvalid 0/10
  E02_tank_overflow                [easy  ] verified 0/10  taskvalid 0/10
  E03_airlock_interlock            [easy  ] verified 0/10  taskvalid 0/10
  E04_conveyor_permissive          [easy  ] verified 0/10  taskvalid 0/10
  E05_alarm_latch                  [easy  ] verified 1/10  taskvalid 1/10
  E06_heater_overtemp              [easy  ] verified 4/10  taskvalid 4/10
  E07_pump_dryrun_protection       [easy  ] verified 4/10  taskvalid 4/10
  H01_intersection_signals         [hard  ] verified 1/10  taskvalid 0/10
  H02_elevator_door_interlock      [hard  ] verified 0/10  taskvalid 0/10
  H03_batch_reactor_sequence       [hard  ] verified 0/10  taskvalid 0/10
  H04_parking_garage_counter       [hard  ] verified 1/10  taskvalid 0/10
  M01_motor_startup_delay          [medium] verified 0/10  taskvalid 0/10
  M02_star_delta_starter           [medium] verified 0/10  taskvalid 0/10
  M03_pedestrian_crossing          [medium] verified 0/10  taskvalid 0/10
  M04_tank_fill_drain_cycle        [medium] verified 0/10  taskvalid 0/10
  M05_conveyor_sequence            [medium] verified 0/10  taskvalid 0/10
  M06_burner_purge_sequence        [medium] verified 0/10  taskvalid 0/10
  M07_two_hand_control             [medium] verified 1/10  taskvalid 0/10
  M08_pump_alternation             [medium] verified 1/10  taskvalid 0/10
  M09_gate_limits_obstruction      [medium] verified 0/10  taskvalid 0/10
  M10_three_conveyor_start         [medium] verified 0/10  taskvalid 0/10
  M11_dosing_counter               [medium] verified 5/10  taskvalid 2/10
SUMMARY: {"verified_pass@1": 0.0818, "verified_pass@3": 0.1856, "verified_pass@5": 0.2477, "verified_pass@10": 0.3636, "taskvalid_pass@1": 0.05, "taskvalid_pass@3": 0.1136, "taskvalid_pass@5": 0.1468, "taskvalid_pass@10": 0.1818, "compile_pass@1": 0.45, "compile_pass@3": 0.6568, "compile_pass@5": 0.7347, "compile_pass@10": 0.8182, "scenario_pass@1": 0.2045, "scenario_pass@3": 0.375, "scenario_pass@5": 0.4737, "scenario_pass@10": 0.5909}
wrote results/exp1a/base_s2.json
