Warning: You are sending unauthenticated requests to the HF Hub. Please set a HF_TOKEN to enable higher rate limits and faster downloads.
Loading weights:   0%|          | 0/339 [00:00<?, ?it/s]Loading weights:   1%|          | 2/339 [00:00<00:35,  9.58it/s]Loading weights:   5%|▌         | 17/339 [00:00<00:05, 61.74it/s]Loading weights:  12%|█▏        | 39/339 [00:00<00:02, 108.85it/s]Loading weights:  19%|█▊        | 63/339 [00:00<00:02, 135.00it/s]Loading weights:  26%|██▌       | 88/339 [00:00<00:01, 161.75it/s]Loading weights:  31%|███▏      | 106/339 [00:00<00:01, 151.31it/s]Loading weights:  37%|███▋      | 124/339 [00:00<00:01, 157.96it/s]Loading weights:  42%|████▏     | 141/339 [00:01<00:01, 148.91it/s]Loading weights:  47%|████▋     | 160/339 [00:01<00:01, 152.40it/s]Loading weights:  52%|█████▏    | 176/339 [00:01<00:01, 143.06it/s]Loading weights:  58%|█████▊    | 196/339 [00:01<00:00, 151.88it/s]Loading weights:  63%|██████▎   | 212/339 [00:01<00:00, 148.08it/s]Loading weights:  68%|██████▊   | 232/339 [00:01<00:00, 160.80it/s]Loading weights:  73%|███████▎  | 249/339 [00:01<00:00, 151.92it/s]Loading weights:  79%|███████▉  | 268/339 [00:01<00:00, 156.25it/s]Loading weights:  84%|████████▍ | 284/339 [00:02<00:00, 144.73it/s]Loading weights:  90%|████████▉ | 304/339 [00:02<00:00, 153.60it/s]Loading weights:  94%|█████████▍| 320/339 [00:02<00:00, 147.10it/s]Loading weights: 100%|██████████| 339/339 [00:02<00:00, 144.53it/s]
  E01_motor_interlock              [easy  ] verified 2/10  taskvalid 1/10
  E02_tank_overflow                [easy  ] verified 0/10  taskvalid 0/10
  E03_airlock_interlock            [easy  ] verified 1/10  taskvalid 1/10
  E04_conveyor_permissive          [easy  ] verified 0/10  taskvalid 0/10
  E05_alarm_latch                  [easy  ] verified 5/10  taskvalid 2/10
  E06_heater_overtemp              [easy  ] verified 2/10  taskvalid 2/10
  E07_pump_dryrun_protection       [easy  ] verified 1/10  taskvalid 1/10
  H01_intersection_signals         [hard  ] verified 0/10  taskvalid 0/10
  H02_elevator_door_interlock      [hard  ] verified 0/10  taskvalid 0/10
  H03_batch_reactor_sequence       [hard  ] verified 0/10  taskvalid 0/10
  H04_parking_garage_counter       [hard  ] verified 2/10  taskvalid 0/10
  M01_motor_startup_delay          [medium] verified 0/10  taskvalid 0/10
  M02_star_delta_starter           [medium] verified 0/10  taskvalid 0/10
  M03_pedestrian_crossing          [medium] verified 0/10  taskvalid 0/10
  M04_tank_fill_drain_cycle        [medium] verified 0/10  taskvalid 0/10
  M05_conveyor_sequence            [medium] verified 2/10  taskvalid 0/10
  M06_burner_purge_sequence        [medium] verified 0/10  taskvalid 0/10
  M07_two_hand_control             [medium] verified 2/10  taskvalid 0/10
  M08_pump_alternation             [medium] verified 0/10  taskvalid 0/10
  M09_gate_limits_obstruction      [medium] verified 0/10  taskvalid 0/10
  M10_three_conveyor_start         [medium] verified 0/10  taskvalid 0/10
  M11_dosing_counter               [medium] verified 3/10  taskvalid 2/10
SUMMARY: {"verified_pass@1": 0.0909, "verified_pass@3": 0.2223, "verified_pass@5": 0.3092, "verified_pass@10": 0.4091, "taskvalid_pass@1": 0.0409, "taskvalid_pass@3": 0.1136, "taskvalid_pass@5": 0.1742, "taskvalid_pass@10": 0.2727, "compile_pass@1": 0.4, "compile_pass@3": 0.6356, "compile_pass@5": 0.7269, "compile_pass@10": 0.8182, "scenario_pass@1": 0.1955, "scenario_pass@3": 0.3735, "scenario_pass@5": 0.4462, "scenario_pass@10": 0.5}
wrote results/exp1a/base_s1.json
