Warning: You are sending unauthenticated requests to the HF Hub. Please set a HF_TOKEN to enable higher rate limits and faster downloads.
Loading weights:   0%|          | 0/339 [00:00<?, ?it/s]Loading weights:   1%|          | 2/339 [00:00<00:34,  9.66it/s]Loading weights:   5%|▌         | 17/339 [00:00<00:04, 65.85it/s]Loading weights:  12%|█▏        | 40/339 [00:00<00:02, 119.98it/s]Loading weights:  19%|█▊        | 63/339 [00:00<00:01, 152.26it/s]Loading weights:  24%|██▎       | 80/339 [00:00<00:01, 151.62it/s]Loading weights:  30%|██▉       | 101/339 [00:00<00:01, 160.43it/s]Loading weights:  37%|███▋      | 124/339 [00:00<00:01, 174.60it/s]Loading weights:  42%|████▏     | 142/339 [00:00<00:01, 165.16it/s]Loading weights:  47%|████▋     | 160/339 [00:01<00:01, 159.78it/s]Loading weights:  53%|█████▎    | 180/339 [00:01<00:00, 169.83it/s]Loading weights:  58%|█████▊    | 198/339 [00:01<00:00, 156.43it/s]Loading weights:  64%|██████▍   | 218/339 [00:01<00:00, 167.78it/s]Loading weights:  70%|██████▉   | 236/339 [00:01<00:00, 166.97it/s]Loading weights:  76%|███████▌  | 256/339 [00:01<00:00, 174.93it/s]Loading weights:  81%|████████  | 274/339 [00:01<00:00, 168.45it/s]Loading weights:  86%|████████▌ | 292/339 [00:01<00:00, 151.50it/s]Loading weights:  93%|█████████▎| 316/339 [00:02<00:00, 173.98it/s]Loading weights:  99%|█████████▉| 335/339 [00:02<00:00, 170.32it/s]Loading weights: 100%|██████████| 339/339 [00:02<00:00, 157.26it/s]
  E01_motor_interlock              [easy  ] verified 10/10  taskvalid 0/10
  E02_tank_overflow                [easy  ] verified 10/10  taskvalid 10/10
  E03_airlock_interlock            [easy  ] verified 10/10  taskvalid 0/10
  E04_conveyor_permissive          [easy  ] verified 10/10  taskvalid 10/10
  E05_alarm_latch                  [easy  ] verified 0/10  taskvalid 0/10
  E06_heater_overtemp              [easy  ] verified 10/10  taskvalid 10/10
  E07_pump_dryrun_protection       [easy  ] verified 10/10  taskvalid 10/10
  H01_intersection_signals         [hard  ] verified 0/10  taskvalid 0/10
  H02_elevator_door_interlock      [hard  ] verified 0/10  taskvalid 0/10
  H03_batch_reactor_sequence       [hard  ] verified 0/10  taskvalid 0/10
  H04_parking_garage_counter       [hard  ] verified 5/10  taskvalid 0/10
  M01_motor_startup_delay          [medium] verified 0/10  taskvalid 0/10
  M02_star_delta_starter           [medium] verified 0/10  taskvalid 0/10
  M03_pedestrian_crossing          [medium] verified 0/10  taskvalid 0/10
  M04_tank_fill_drain_cycle        [medium] verified 1/10  taskvalid 1/10
  M05_conveyor_sequence            [medium] verified 0/10  taskvalid 0/10
  M06_burner_purge_sequence        [medium] verified 0/10  taskvalid 0/10
  M07_two_hand_control             [medium] verified 0/10  taskvalid 0/10
  M08_pump_alternation             [medium] verified 6/10  taskvalid 0/10
  M09_gate_limits_obstruction      [medium] verified 0/10  taskvalid 0/10
  M10_three_conveyor_start         [medium] verified 0/10  taskvalid 0/10
  M11_dosing_counter               [medium] verified 8/10  taskvalid 7/10
SUMMARY: {"verified_pass@1": 0.3636, "verified_pass@3": 0.4174, "verified_pass@5": 0.4316, "verified_pass@10": 0.4545, "taskvalid_pass@1": 0.2182, "taskvalid_pass@3": 0.2405, "taskvalid_pass@5": 0.25, "taskvalid_pass@10": 0.2727, "compile_pass@1": 0.5864, "compile_pass@3": 0.6992, "compile_pass@5": 0.7547, "compile_pass@10": 0.8182, "scenario_pass@1": 0.2273, "scenario_pass@3": 0.2545, "scenario_pass@5": 0.2727, "scenario_pass@10": 0.3182}
wrote results/exp1a/rl_s2.json
