Warning: You are sending unauthenticated requests to the HF Hub. Please set a HF_TOKEN to enable higher rate limits and faster downloads.
Loading weights:   0%|          | 0/339 [00:00<?, ?it/s]Loading weights:   1%|          | 2/339 [00:00<00:37,  9.02it/s]Loading weights:   5%|▌         | 17/339 [00:00<00:05, 61.90it/s]Loading weights:  12%|█▏        | 40/339 [00:00<00:02, 120.36it/s]Loading weights:  16%|█▌        | 55/339 [00:00<00:02, 121.24it/s]Loading weights:  22%|██▏       | 76/339 [00:00<00:01, 134.74it/s]Loading weights:  27%|██▋       | 91/339 [00:00<00:01, 138.67it/s]Loading weights:  33%|███▎      | 111/339 [00:00<00:01, 150.12it/s]Loading weights:  37%|███▋      | 127/339 [00:01<00:01, 140.72it/s]Loading weights:  43%|████▎     | 147/339 [00:01<00:01, 150.98it/s]Loading weights:  48%|████▊     | 163/339 [00:01<00:01, 140.64it/s]Loading weights:  54%|█████▍    | 183/339 [00:01<00:01, 148.83it/s]Loading weights:  59%|█████▊    | 199/339 [00:01<00:00, 142.56it/s]Loading weights:  65%|██████▍   | 219/339 [00:01<00:00, 154.76it/s]Loading weights:  69%|██████▉   | 235/339 [00:01<00:00, 146.28it/s]Loading weights:  76%|███████▌  | 256/339 [00:01<00:00, 139.53it/s]Loading weights:  83%|████████▎ | 280/339 [00:02<00:00, 147.71it/s]Loading weights:  87%|████████▋ | 295/339 [00:02<00:00, 145.97it/s]Loading weights:  94%|█████████▎| 317/339 [00:02<00:00, 160.80it/s]Loading weights: 100%|██████████| 339/339 [00:02<00:00, 142.60it/s]
  E01_motor_interlock              [easy  ] verified 10/10  taskvalid 0/10
  E02_tank_overflow                [easy  ] verified 10/10  taskvalid 10/10
  E03_airlock_interlock            [easy  ] verified 9/10  taskvalid 0/10
  E04_conveyor_permissive          [easy  ] verified 10/10  taskvalid 10/10
  E05_alarm_latch                  [easy  ] verified 0/10  taskvalid 0/10
  E06_heater_overtemp              [easy  ] verified 10/10  taskvalid 10/10
  E07_pump_dryrun_protection       [easy  ] verified 2/10  taskvalid 2/10
  H01_intersection_signals         [hard  ] verified 0/10  taskvalid 0/10
  H02_elevator_door_interlock      [hard  ] verified 0/10  taskvalid 0/10
  H03_batch_reactor_sequence       [hard  ] verified 0/10  taskvalid 0/10
  H04_parking_garage_counter       [hard  ] verified 3/10  taskvalid 0/10
  M01_motor_startup_delay          [medium] verified 0/10  taskvalid 0/10
  M02_star_delta_starter           [medium] verified 0/10  taskvalid 0/10
  M03_pedestrian_crossing          [medium] verified 0/10  taskvalid 0/10
  M04_tank_fill_drain_cycle        [medium] verified 5/10  taskvalid 3/10
  M05_conveyor_sequence            [medium] verified 0/10  taskvalid 0/10
  M06_burner_purge_sequence        [medium] verified 0/10  taskvalid 0/10
  M07_two_hand_control             [medium] verified 8/10  taskvalid 0/10
  M08_pump_alternation             [medium] verified 5/10  taskvalid 0/10
  M09_gate_limits_obstruction      [medium] verified 0/10  taskvalid 0/10
  M10_three_conveyor_start         [medium] verified 0/10  taskvalid 0/10
  M11_dosing_counter               [medium] verified 4/10  taskvalid 4/10
SUMMARY: {"verified_pass@1": 0.3455, "verified_pass@3": 0.4504, "verified_pass@5": 0.4847, "verified_pass@10": 0.5, "taskvalid_pass@1": 0.1773, "taskvalid_pass@3": 0.2307, "taskvalid_pass@5": 0.2578, "taskvalid_pass@10": 0.2727, "compile_pass@1": 0.6045, "compile_pass@3": 0.6606, "compile_pass@5": 0.6907, "compile_pass@10": 0.7273, "scenario_pass@1": 0.2682, "scenario_pass@3": 0.3045, "scenario_pass@5": 0.3144, "scenario_pass@10": 0.3182}
wrote results/exp1a/rl_s1.json
