Warning: You are sending unauthenticated requests to the HF Hub. Please set a HF_TOKEN to enable higher rate limits and faster downloads.
Loading weights:   0%|          | 0/339 [00:00<?, ?it/s]Loading weights:   1%|          | 2/339 [00:00<00:39,  8.43it/s]Loading weights:   5%|▌         | 18/339 [00:00<00:05, 61.90it/s]Loading weights:  12%|█▏        | 41/339 [00:00<00:02, 116.87it/s]Loading weights:  19%|█▉        | 64/339 [00:00<00:01, 145.89it/s]Loading weights:  24%|██▍       | 81/339 [00:00<00:01, 145.76it/s]Loading weights:  29%|██▉       | 100/339 [00:00<00:01, 153.15it/s]Loading weights:  35%|███▍      | 117/339 [00:00<00:01, 142.96it/s]Loading weights:  40%|████      | 136/339 [00:01<00:01, 144.31it/s]Loading weights:  47%|████▋     | 160/339 [00:01<00:01, 164.00it/s]Loading weights:  52%|█████▏    | 177/339 [00:01<00:01, 153.78it/s]Loading weights:  58%|█████▊    | 196/339 [00:01<00:00, 158.37it/s]Loading weights:  63%|██████▎   | 213/339 [00:01<00:00, 151.20it/s]Loading weights:  68%|██████▊   | 232/339 [00:01<00:00, 152.75it/s]Loading weights:  74%|███████▎  | 250/339 [00:01<00:00, 158.49it/s]Loading weights:  79%|███████▉  | 268/339 [00:01<00:00, 157.84it/s]Loading weights:  84%|████████▍ | 284/339 [00:02<00:00, 143.07it/s]Loading weights:  90%|████████▉ | 304/339 [00:02<00:00, 154.23it/s]Loading weights:  94%|█████████▍| 320/339 [00:02<00:00, 144.57it/s]Loading weights: 100%|██████████| 339/339 [00:02<00:00, 144.20it/s]
  E01_motor_interlock              [easy  ] verified 10/10  taskvalid 0/10
  E02_tank_overflow                [easy  ] verified 10/10  taskvalid 10/10
  E03_airlock_interlock            [easy  ] verified 10/10  taskvalid 0/10
  E04_conveyor_permissive          [easy  ] verified 10/10  taskvalid 10/10
  E05_alarm_latch                  [easy  ] verified 0/10  taskvalid 0/10
  E06_heater_overtemp              [easy  ] verified 10/10  taskvalid 10/10
  E07_pump_dryrun_protection       [easy  ] verified 5/10  taskvalid 5/10
  H01_intersection_signals         [hard  ] verified 0/10  taskvalid 0/10
  H02_elevator_door_interlock      [hard  ] verified 0/10  taskvalid 0/10
  H03_batch_reactor_sequence       [hard  ] verified 0/10  taskvalid 0/10
  H04_parking_garage_counter       [hard  ] verified 5/10  taskvalid 0/10
  M01_motor_startup_delay          [medium] verified 0/10  taskvalid 0/10
  M02_star_delta_starter           [medium] verified 0/10  taskvalid 0/10
  M03_pedestrian_crossing          [medium] verified 0/10  taskvalid 0/10
  M04_tank_fill_drain_cycle        [medium] verified 2/10  taskvalid 1/10
  M05_conveyor_sequence            [medium] verified 0/10  taskvalid 0/10
  M06_burner_purge_sequence        [medium] verified 0/10  taskvalid 0/10
  M07_two_hand_control             [medium] verified 7/10  taskvalid 0/10
  M08_pump_alternation             [medium] verified 4/10  taskvalid 0/10
  M09_gate_limits_obstruction      [medium] verified 0/10  taskvalid 0/10
  M10_three_conveyor_start         [medium] verified 0/10  taskvalid 0/10
  M11_dosing_counter               [medium] verified 3/10  taskvalid 3/10
SUMMARY: {"verified_pass@1": 0.3455, "verified_pass@3": 0.45, "verified_pass@5": 0.4847, "verified_pass@10": 0.5, "taskvalid_pass@1": 0.1773, "taskvalid_pass@3": 0.2239, "taskvalid_pass@5": 0.246, "taskvalid_pass@10": 0.2727, "compile_pass@1": 0.6, "compile_pass@3": 0.667, "compile_pass@5": 0.6986, "compile_pass@10": 0.7273, "scenario_pass@1": 0.2727, "scenario_pass@3": 0.3, "scenario_pass@5": 0.3182, "scenario_pass@10": 0.3636}
wrote results/exp1a/sft_s1.json
