Warning: You are sending unauthenticated requests to the HF Hub. Please set a HF_TOKEN to enable higher rate limits and faster downloads.
Loading weights:   0%|          | 0/339 [00:00<?, ?it/s]Loading weights:   1%|          | 2/339 [00:00<00:34,  9.74it/s]Loading weights:   5%|▌         | 18/339 [00:00<00:04, 70.58it/s]Loading weights:  12%|█▏        | 40/339 [00:00<00:02, 117.16it/s]Loading weights:  19%|█▉        | 64/339 [00:00<00:01, 141.91it/s]Loading weights:  24%|██▍       | 82/339 [00:00<00:01, 150.04it/s]Loading weights:  30%|██▉       | 101/339 [00:00<00:01, 143.00it/s]Loading weights:  37%|███▋      | 126/339 [00:00<00:01, 166.00it/s]Loading weights:  44%|████▎     | 148/339 [00:01<00:01, 173.66it/s]Loading weights:  49%|████▉     | 166/339 [00:01<00:01, 169.25it/s]Loading weights:  55%|█████▍    | 185/339 [00:01<00:00, 165.53it/s]Loading weights:  60%|██████    | 204/339 [00:01<00:00, 171.62it/s]Loading weights:  65%|██████▌   | 222/339 [00:01<00:00, 164.11it/s]Loading weights:  72%|███████▏  | 244/339 [00:01<00:00, 159.12it/s]Loading weights:  79%|███████▉  | 267/339 [00:01<00:00, 176.11it/s]Loading weights:  84%|████████▍ | 286/339 [00:01<00:00, 168.49it/s]Loading weights:  90%|████████▉ | 305/339 [00:01<00:00, 165.28it/s]Loading weights:  97%|█████████▋| 328/339 [00:02<00:00, 178.05it/s]Loading weights: 100%|██████████| 339/339 [00:02<00:00, 131.48it/s]
  E01_motor_interlock              [easy  ] verified 9/10  taskvalid 6/10
  E02_tank_overflow                [easy  ] verified 1/10  taskvalid 1/10
  E03_airlock_interlock            [easy  ] verified 6/10  taskvalid 1/10
  E04_conveyor_permissive          [easy  ] verified 7/10  taskvalid 7/10
  E05_alarm_latch                  [easy  ] verified 7/10  taskvalid 7/10
  E06_heater_overtemp              [easy  ] verified 9/10  taskvalid 9/10
  E07_pump_dryrun_protection       [easy  ] verified 6/10  taskvalid 6/10
  H01_intersection_signals         [hard  ] verified 0/10  taskvalid 0/10
  H02_elevator_door_interlock      [hard  ] verified 0/10  taskvalid 0/10
  H03_batch_reactor_sequence       [hard  ] verified 0/10  taskvalid 0/10
  H04_parking_garage_counter       [hard  ] verified 0/10  taskvalid 0/10
  M01_motor_startup_delay          [medium] verified 4/10  taskvalid 4/10
  M02_star_delta_starter           [medium] verified 0/10  taskvalid 0/10
  M03_pedestrian_crossing          [medium] verified 1/10  taskvalid 0/10
  M04_tank_fill_drain_cycle        [medium] verified 3/10  taskvalid 3/10
  M05_conveyor_sequence            [medium] verified 0/10  taskvalid 0/10
  M06_burner_purge_sequence        [medium] verified 0/10  taskvalid 0/10
  M07_two_hand_control             [medium] verified 6/10  taskvalid 1/10
  M08_pump_alternation             [medium] verified 0/10  taskvalid 0/10
  M09_gate_limits_obstruction      [medium] verified 0/10  taskvalid 0/10
  M10_three_conveyor_start         [medium] verified 0/10  taskvalid 0/10
  M11_dosing_counter               [medium] verified 3/10  taskvalid 2/10
SUMMARY: {"verified_pass@1": 0.2818, "verified_pass@3": 0.4424, "verified_pass@5": 0.4913, "verified_pass@10": 0.5455, "taskvalid_pass@1": 0.2136, "taskvalid_pass@3": 0.3587, "taskvalid_pass@5": 0.4168, "taskvalid_pass@10": 0.5, "compile_pass@1": 0.4591, "compile_pass@3": 0.5746, "compile_pass@5": 0.6149, "compile_pass@10": 0.6364, "scenario_pass@1": 0.2955, "scenario_pass@3": 0.4303, "scenario_pass@5": 0.4839, "scenario_pass@10": 0.5455}
wrote results/exp1a/sftlite_s2.json
