Loading weights:   0%|          | 0/339 [00:00<?, ?it/s]Loading weights:   0%|          | 1/339 [00:00<00:35,  9.56it/s]Loading weights:   1%|          | 2/339 [00:00<00:42,  8.01it/s]Loading weights:   5%|▌         | 17/339 [00:00<00:05, 62.78it/s]Loading weights:  12%|█▏        | 40/339 [00:00<00:02, 117.13it/s]Loading weights:  19%|█▉        | 65/339 [00:00<00:01, 156.41it/s]Loading weights:  26%|██▋       | 89/339 [00:00<00:01, 177.88it/s]Loading weights:  33%|███▎      | 112/339 [00:00<00:01, 193.18it/s]Loading weights:  39%|███▉      | 132/339 [00:00<00:01, 188.93it/s]Loading weights:  45%|████▍     | 152/339 [00:01<00:01, 181.19it/s]Loading weights:  51%|█████     | 172/339 [00:01<00:00, 183.88it/s]Loading weights:  58%|█████▊    | 196/339 [00:01<00:00, 190.53it/s]Loading weights:  65%|██████▌   | 221/339 [00:01<00:00, 199.00it/s]Loading weights:  72%|███████▏  | 244/339 [00:01<00:00, 186.34it/s]Loading weights:  79%|███████▉  | 269/339 [00:01<00:00, 199.49it/s]Loading weights:  86%|████████▌ | 292/339 [00:01<00:00, 199.88it/s]Loading weights:  92%|█████████▏| 313/339 [00:01<00:00, 200.28it/s]Loading weights:  99%|█████████▊| 334/339 [00:01<00:00, 191.33it/s]Loading weights: 100%|██████████| 339/339 [00:01<00:00, 174.15it/s]
Warning: You are sending unauthenticated requests to the HF Hub. Please set a HF_TOKEN to enable higher rate limits and faster downloads.
  E01_motor_interlock              [easy  ] verified 10/10  taskvalid 10/10
  E02_tank_overflow                [easy  ] verified 10/10  taskvalid 10/10
  E03_airlock_interlock            [easy  ] verified 10/10  taskvalid 10/10
  E04_conveyor_permissive          [easy  ] verified 10/10  taskvalid 10/10
  E05_alarm_latch                  [easy  ] verified 10/10  taskvalid 10/10
  E06_heater_overtemp              [easy  ] verified 10/10  taskvalid 10/10
  E07_pump_dryrun_protection       [easy  ] verified 10/10  taskvalid 10/10
  H01_intersection_signals         [hard  ] verified 0/10  taskvalid 0/10
  H02_elevator_door_interlock      [hard  ] verified 0/10  taskvalid 0/10
  H03_batch_reactor_sequence       [hard  ] verified 0/10  taskvalid 0/10
  H04_parking_garage_counter       [hard  ] verified 0/10  taskvalid 0/10
  M01_motor_startup_delay          [medium] verified 9/10  taskvalid 9/10
  M02_star_delta_starter           [medium] verified 0/10  taskvalid 0/10
  M03_pedestrian_crossing          [medium] verified 0/10  taskvalid 0/10
  M04_tank_fill_drain_cycle        [medium] verified 0/10  taskvalid 0/10
  M05_conveyor_sequence            [medium] verified 0/10  taskvalid 0/10
  M06_burner_purge_sequence        [medium] verified 0/10  taskvalid 0/10
  M07_two_hand_control             [medium] verified 1/10  taskvalid 0/10
  M08_pump_alternation             [medium] verified 0/10  taskvalid 0/10
  M09_gate_limits_obstruction      [medium] verified 0/10  taskvalid 0/10
  M10_three_conveyor_start         [medium] verified 0/10  taskvalid 0/10
  M11_dosing_counter               [medium] verified 3/10  taskvalid 2/10
SUMMARY: {"verified_pass@1": 0.3773, "verified_pass@3": 0.4095, "verified_pass@5": 0.428, "verified_pass@10": 0.4545, "taskvalid_pass@1": 0.3682, "taskvalid_pass@3": 0.3879, "taskvalid_pass@5": 0.399, "taskvalid_pass@10": 0.4091, "compile_pass@1": 0.5409, "compile_pass@3": 0.65, "compile_pass@5": 0.6946, "compile_pass@10": 0.7273, "scenario_pass@1": 0.3682, "scenario_pass@3": 0.3879, "scenario_pass@5": 0.399, "scenario_pass@10": 0.4091}
wrote results/exp1a/sftv2_s0.json
