Warning: You are sending unauthenticated requests to the HF Hub. Please set a HF_TOKEN to enable higher rate limits and faster downloads.
Loading weights:   0%|          | 0/339 [00:00<?, ?it/s]Loading weights:   0%|          | 1/339 [00:00<01:44,  3.23it/s]Loading weights:   5%|▌         | 18/339 [00:00<00:06, 52.20it/s]Loading weights:  12%|█▏        | 40/339 [00:00<00:02, 100.31it/s]Loading weights:  16%|█▌        | 55/339 [00:00<00:02, 111.83it/s]Loading weights:  22%|██▏       | 76/339 [00:00<00:01, 139.16it/s]Loading weights:  30%|██▉       | 101/339 [00:00<00:01, 167.32it/s]Loading weights:  36%|███▋      | 123/339 [00:00<00:01, 181.21it/s]Loading weights:  42%|████▏     | 143/339 [00:01<00:01, 182.62it/s]Loading weights:  48%|████▊     | 163/339 [00:01<00:01, 171.97it/s]Loading weights:  55%|█████▍    | 185/339 [00:01<00:00, 174.92it/s]Loading weights:  61%|██████    | 207/339 [00:01<00:00, 181.04it/s]Loading weights:  67%|██████▋   | 228/339 [00:01<00:00, 188.00it/s]Loading weights:  73%|███████▎  | 248/339 [00:01<00:00, 177.59it/s]Loading weights:  79%|███████▉  | 269/339 [00:01<00:00, 168.72it/s]Loading weights:  86%|████████▌ | 292/339 [00:01<00:00, 178.86it/s]Loading weights:  92%|█████████▏| 312/339 [00:02<00:00, 184.20it/s]Loading weights:  98%|█████████▊| 331/339 [00:02<00:00, 170.55it/s]Loading weights: 100%|██████████| 339/339 [00:02<00:00, 140.72it/s]
  E01_motor_interlock              [easy  ] verified 10/10  taskvalid 6/10
  E02_tank_overflow                [easy  ] verified 10/10  taskvalid 10/10
  E03_airlock_interlock            [easy  ] verified 9/10  taskvalid 0/10
  E04_conveyor_permissive          [easy  ] verified 10/10  taskvalid 10/10
  E05_alarm_latch                  [easy  ] verified 9/10  taskvalid 9/10
  E06_heater_overtemp              [easy  ] verified 10/10  taskvalid 10/10
  E07_pump_dryrun_protection       [easy  ] verified 10/10  taskvalid 10/10
  H01_intersection_signals         [hard  ] verified 0/10  taskvalid 0/10
  H02_elevator_door_interlock      [hard  ] verified 0/10  taskvalid 0/10
  H03_batch_reactor_sequence       [hard  ] verified 0/10  taskvalid 0/10
  H04_parking_garage_counter       [hard  ] verified 5/10  taskvalid 5/10
  M01_motor_startup_delay          [medium] verified 0/10  taskvalid 0/10
  M02_star_delta_starter           [medium] verified 0/10  taskvalid 0/10
  M03_pedestrian_crossing          [medium] verified 0/10  taskvalid 0/10
  M04_tank_fill_drain_cycle        [medium] verified 1/10  taskvalid 0/10
  M05_conveyor_sequence            [medium] verified 0/10  taskvalid 0/10
  M06_burner_purge_sequence        [medium] verified 0/10  taskvalid 0/10
  M07_two_hand_control             [medium] verified 5/10  taskvalid 0/10
  M08_pump_alternation             [medium] verified 10/10  taskvalid 0/10
  M09_gate_limits_obstruction      [medium] verified 0/10  taskvalid 0/10
  M10_three_conveyor_start         [medium] verified 0/10  taskvalid 0/10
  M11_dosing_counter               [medium] verified 9/10  taskvalid 9/10
SUMMARY: {"verified_pass@1": 0.4455, "verified_pass@3": 0.5061, "verified_pass@5": 0.5224, "verified_pass@10": 0.5455, "taskvalid_pass@1": 0.3136, "taskvalid_pass@3": 0.3583, "taskvalid_pass@5": 0.3635, "taskvalid_pass@10": 0.3636, "compile_pass@1": 0.6864, "compile_pass@3": 0.7958, "compile_pass@5": 0.8295, "compile_pass@10": 0.8636, "scenario_pass@1": 0.3227, "scenario_pass@3": 0.372, "scenario_pass@5": 0.3862, "scenario_pass@10": 0.4091}
wrote results/exp1a/sftzs_s2.json
