Warning: You are sending unauthenticated requests to the HF Hub. Please set a HF_TOKEN to enable higher rate limits and faster downloads.
Loading weights:   0%|          | 0/339 [00:00<?, ?it/s]Loading weights:   1%|          | 2/339 [00:00<00:35,  9.44it/s]Loading weights:   5%|▌         | 18/339 [00:00<00:04, 68.52it/s]Loading weights:  12%|█▏        | 40/339 [00:00<00:02, 120.22it/s]Loading weights:  16%|█▌        | 55/339 [00:00<00:02, 121.68it/s]Loading weights:  22%|██▏       | 76/339 [00:00<00:01, 144.21it/s]Loading weights:  27%|██▋       | 92/339 [00:00<00:01, 139.65it/s]Loading weights:  33%|███▎      | 112/339 [00:00<00:01, 134.40it/s]Loading weights:  40%|████      | 136/339 [00:01<00:01, 156.36it/s]Loading weights:  45%|████▌     | 153/339 [00:01<00:01, 144.83it/s]Loading weights:  51%|█████     | 172/339 [00:01<00:01, 150.77it/s]Loading weights:  55%|█████▌    | 188/339 [00:01<00:01, 141.13it/s]Loading weights:  61%|██████▏   | 208/339 [00:01<00:00, 153.84it/s]Loading weights:  66%|██████▌   | 224/339 [00:01<00:00, 149.48it/s]Loading weights:  72%|███████▏  | 244/339 [00:01<00:00, 142.23it/s]Loading weights:  79%|███████▉  | 268/339 [00:01<00:00, 149.31it/s]Loading weights:  86%|████████▌ | 292/339 [00:02<00:00, 164.83it/s]Loading weights:  91%|█████████ | 309/339 [00:02<00:00, 155.22it/s]Loading weights:  97%|█████████▋| 328/339 [00:02<00:00, 151.30it/s]Loading weights: 100%|██████████| 339/339 [00:02<00:00, 143.14it/s]
  E01_motor_interlock              [easy  ] verified 10/10  taskvalid 4/10
  E02_tank_overflow                [easy  ] verified 10/10  taskvalid 10/10
  E03_airlock_interlock            [easy  ] verified 10/10  taskvalid 0/10
  E04_conveyor_permissive          [easy  ] verified 10/10  taskvalid 10/10
  E05_alarm_latch                  [easy  ] verified 6/10  taskvalid 6/10
  E06_heater_overtemp              [easy  ] verified 10/10  taskvalid 10/10
  E07_pump_dryrun_protection       [easy  ] verified 7/10  taskvalid 7/10
  H01_intersection_signals         [hard  ] verified 0/10  taskvalid 0/10
  H02_elevator_door_interlock      [hard  ] verified 0/10  taskvalid 0/10
  H03_batch_reactor_sequence       [hard  ] verified 0/10  taskvalid 0/10
  H04_parking_garage_counter       [hard  ] verified 0/10  taskvalid 0/10
  M01_motor_startup_delay          [medium] verified 0/10  taskvalid 0/10
  M02_star_delta_starter           [medium] verified 0/10  taskvalid 0/10
  M03_pedestrian_crossing          [medium] verified 0/10  taskvalid 0/10
  M04_tank_fill_drain_cycle        [medium] verified 2/10  taskvalid 2/10
  M05_conveyor_sequence            [medium] verified 0/10  taskvalid 0/10
  M06_burner_purge_sequence        [medium] verified 0/10  taskvalid 0/10
  M07_two_hand_control             [medium] verified 3/10  taskvalid 0/10
  M08_pump_alternation             [medium] verified 4/10  taskvalid 0/10
  M09_gate_limits_obstruction      [medium] verified 0/10  taskvalid 0/10
  M10_three_conveyor_start         [medium] verified 0/10  taskvalid 0/10
  M11_dosing_counter               [medium] verified 9/10  taskvalid 9/10
SUMMARY: {"verified_pass@1": 0.3682, "verified_pass@3": 0.4561, "verified_pass@5": 0.485, "verified_pass@10": 0.5, "taskvalid_pass@1": 0.2636, "taskvalid_pass@3": 0.333, "taskvalid_pass@5": 0.3525, "taskvalid_pass@10": 0.3636, "compile_pass@1": 0.6818, "compile_pass@3": 0.7424, "compile_pass@5": 0.7753, "compile_pass@10": 0.8182, "scenario_pass@1": 0.3227, "scenario_pass@3": 0.4174, "scenario_pass@5": 0.4459, "scenario_pass@10": 0.4545}
wrote results/exp1a/sftzs_s1.json
