[08:23:49Z] ################ NEW TRAINING START ################
[08:23:49Z] waiting for Exp1a inference sweep to release the GPU...
[13:24:59Z] Exp1a done; starting training.
[13:24:59Z] START exp1_select_frontier
[13:36:58Z] OK    exp1_select_frontier
[13:36:58Z] RL fixed frontier set = finetune/data/rl_prompts_taskvalid.jsonl (39 prompts)
[13:36:58Z] START rlfunc_sftlite_s0
[14:15:29Z] OK    rlfunc_sftlite_s0
[14:15:29Z] START eval_rlfunc_sftlite_s0
[14:21:42Z] OK    eval_rlfunc_sftlite_s0
[14:21:42Z] START rlfunc_base_s0
[15:09:52Z] OK    rlfunc_base_s0
[15:09:52Z] START eval_rlfunc_base_s0
[15:17:13Z] OK    eval_rlfunc_base_s0
[15:17:13Z] START rlfunc_sft_s0
[15:47:30Z] OK    rlfunc_sft_s0
[15:47:30Z] START eval_rlfunc_sft_s0
[15:52:43Z] OK    eval_rlfunc_sft_s0
[15:52:43Z] START rlfunc_sftlite_s1
[16:31:26Z] OK    rlfunc_sftlite_s1
[16:31:27Z] START eval_rlfunc_sftlite_s1
[16:37:53Z] OK    eval_rlfunc_sftlite_s1
[16:37:53Z] START rlfunc_base_s1
[17:25:52Z] OK    rlfunc_base_s1
[17:25:52Z] START eval_rlfunc_base_s1
[17:33:49Z] OK    eval_rlfunc_base_s1
[17:33:49Z] START rlfunc_sft_s1
[18:03:09Z] OK    rlfunc_sft_s1
[18:03:09Z] START eval_rlfunc_sft_s1
[18:08:49Z] OK    eval_rlfunc_sft_s1
[18:08:49Z] START rlfunc_sftlite_s2
[18:46:55Z] OK    rlfunc_sftlite_s2
[18:46:55Z] START eval_rlfunc_sftlite_s2
[18:53:19Z] OK    eval_rlfunc_sftlite_s2
[18:53:19Z] START rlfunc_base_s2
[19:41:39Z] OK    rlfunc_base_s2
[19:41:39Z] START eval_rlfunc_base_s2
[19:48:47Z] OK    eval_rlfunc_base_s2
[19:48:47Z] START rlfunc_sft_s2
[20:17:55Z] OK    rlfunc_sft_s2
[20:17:55Z] START eval_rlfunc_sft_s2
[20:23:13Z] OK    eval_rlfunc_sft_s2
[20:23:13Z] START exp2_pool
[20:39:11Z] OK    exp2_pool
[20:39:11Z] START exp2_datasets
[20:39:11Z] OK    exp2_datasets
[20:39:11Z] START exp2_dual_s0
[20:41:46Z] OK    exp2_dual_s0
[20:41:46Z] START eval_abl_dual_s0
[20:48:05Z] OK    eval_abl_dual_s0
[20:48:05Z] START exp2_dual_s1
[20:50:22Z] OK    exp2_dual_s1
[20:50:22Z] START eval_abl_dual_s1
[20:57:00Z] OK    eval_abl_dual_s1
[20:57:00Z] START exp2_dual_s2
[20:59:20Z] OK    exp2_dual_s2
[20:59:20Z] START eval_abl_dual_s2
[21:05:36Z] OK    eval_abl_dual_s2
[21:05:36Z] START exp2_matiec_only_s0
[21:15:39Z] OK    exp2_matiec_only_s0
[21:15:39Z] START eval_abl_matiec_only_s0
[21:21:51Z] OK    eval_abl_matiec_only_s0
[21:21:51Z] START exp2_matiec_only_s1
[21:32:50Z] OK    exp2_matiec_only_s1
[21:32:50Z] START eval_abl_matiec_only_s1
[21:39:16Z] OK    eval_abl_matiec_only_s1
[21:39:16Z] START exp2_matiec_only_s2
[21:49:33Z] OK    exp2_matiec_only_s2
[21:49:33Z] START eval_abl_matiec_only_s2
[21:56:09Z] OK    eval_abl_matiec_only_s2
[21:56:09Z] START exp2_property_only_s0
[21:58:52Z] OK    exp2_property_only_s0
[21:58:52Z] START eval_abl_property_only_s0
[22:05:58Z] OK    eval_abl_property_only_s0
[22:05:58Z] START exp2_property_only_s1
[22:08:46Z] OK    exp2_property_only_s1
[22:08:46Z] START eval_abl_property_only_s1
[22:15:14Z] OK    eval_abl_property_only_s1
[22:15:14Z] START exp2_property_only_s2
[22:17:50Z] OK    exp2_property_only_s2
[22:17:50Z] START eval_abl_property_only_s2
[22:24:17Z] OK    eval_abl_property_only_s2
[22:24:17Z] START exp2_all_s0
[22:37:05Z] OK    exp2_all_s0
[22:37:05Z] START eval_abl_all_s0
[22:43:16Z] OK    eval_abl_all_s0
[22:43:16Z] START exp2_all_s1
[22:56:15Z] OK    exp2_all_s1
[22:56:15Z] START eval_abl_all_s1
[23:02:47Z] OK    eval_abl_all_s1
[23:02:47Z] START exp2_all_s2
[23:15:53Z] OK    exp2_all_s2
[23:15:53Z] START eval_abl_all_s2
[23:22:08Z] OK    eval_abl_all_s2
[23:22:08Z] START exp2_random_sizematched_s0
[23:25:25Z] OK    exp2_random_sizematched_s0
[23:25:25Z] START eval_abl_random_sizematched_s0
[23:32:21Z] OK    eval_abl_random_sizematched_s0
[23:32:21Z] START exp2_random_sizematched_s1
[23:34:40Z] OK    exp2_random_sizematched_s1
[23:34:40Z] START eval_abl_random_sizematched_s1
[23:41:29Z] OK    eval_abl_random_sizematched_s1
[23:41:29Z] START exp2_random_sizematched_s2
[23:43:51Z] OK    exp2_random_sizematched_s2
[23:43:51Z] START eval_abl_random_sizematched_s2
[23:51:18Z] OK    eval_abl_random_sizematched_s2
[23:51:18Z] START exp5_full_s0
[23:54:13Z] OK    exp5_full_s0
[23:54:13Z] START exp5eval_full_s0
[23:58:56Z] OK    exp5eval_full_s0
[23:58:56Z] START exp5_full_s1
[00:01:51Z] OK    exp5_full_s1
[00:01:51Z] START exp5eval_full_s1
[00:06:44Z] OK    exp5eval_full_s1
[00:06:44Z] START exp5_full_s2
[00:09:34Z] OK    exp5_full_s2
[00:09:34Z] START exp5eval_full_s2
[00:15:06Z] OK    exp5eval_full_s2
[00:15:06Z] START exp5_nocex_s0
[00:17:49Z] OK    exp5_nocex_s0
[00:17:49Z] START exp5eval_nocex_s0
[00:22:25Z] OK    exp5eval_nocex_s0
[00:22:25Z] START exp5_nocex_s1
[00:25:15Z] OK    exp5_nocex_s1
[00:25:15Z] START exp5eval_nocex_s1
[00:29:53Z] OK    exp5eval_nocex_s1
[00:29:53Z] START exp5_nocex_s2
[00:32:36Z] OK    exp5_nocex_s2
[00:32:36Z] START exp5eval_nocex_s2
[00:37:25Z] OK    exp5eval_nocex_s2
[00:37:25Z] START exp5_proponly_s0
[00:40:02Z] OK    exp5_proponly_s0
[00:40:02Z] START exp5eval_proponly_s0
[00:45:00Z] OK    exp5eval_proponly_s0
[00:45:00Z] START exp5_proponly_s1
[00:48:15Z] OK    exp5_proponly_s1
[00:48:15Z] START exp5eval_proponly_s1
[00:52:58Z] OK    exp5eval_proponly_s1
[00:52:58Z] START exp5_proponly_s2
[00:55:35Z] OK    exp5_proponly_s2
[00:55:35Z] START exp5eval_proponly_s2
[01:00:31Z] OK    exp5eval_proponly_s2
[01:00:31Z] START exp5_erroronly_s0
[01:04:01Z] OK    exp5_erroronly_s0
[01:04:01Z] START exp5eval_erroronly_s0
[01:08:49Z] OK    exp5eval_erroronly_s0
[01:08:49Z] START exp5_erroronly_s1
[01:12:42Z] OK    exp5_erroronly_s1
[01:12:42Z] START exp5eval_erroronly_s1
[01:17:31Z] OK    exp5eval_erroronly_s1
[01:17:31Z] START exp5_erroronly_s2
[01:21:17Z] OK    exp5_erroronly_s2
[01:21:17Z] START exp5eval_erroronly_s2
[01:25:56Z] OK    exp5eval_erroronly_s2
[01:25:56Z] START exp5_shuffle_s0
[01:29:06Z] OK    exp5_shuffle_s0
[01:29:06Z] START exp5eval_shuffle_s0
[01:34:29Z] OK    exp5eval_shuffle_s0
[01:34:29Z] START exp5_shuffle_s1
[01:37:41Z] OK    exp5_shuffle_s1
[01:37:41Z] START exp5eval_shuffle_s1
[01:43:02Z] OK    exp5eval_shuffle_s1
[01:43:02Z] START exp5_shuffle_s2
[01:45:57Z] OK    exp5_shuffle_s2
[01:45:57Z] START exp5eval_shuffle_s2
[01:51:05Z] OK    exp5eval_shuffle_s2
[01:51:05Z] START exp5_generic_sft_s0
[01:54:08Z] OK    exp5_generic_sft_s0
[01:54:08Z] START exp5eval_generic_sft_s0
[01:58:51Z] OK    exp5eval_generic_sft_s0
[01:58:51Z] START exp5_generic_sft_s1
[02:02:32Z] OK    exp5_generic_sft_s1
[02:02:32Z] START exp5eval_generic_sft_s1
[02:07:16Z] OK    exp5eval_generic_sft_s1
[02:07:16Z] START exp5_generic_sft_s2
[02:10:08Z] OK    exp5_generic_sft_s2
[02:10:08Z] START exp5eval_generic_sft_s2
[02:14:51Z] OK    exp5eval_generic_sft_s2
[02:14:51Z] START exp5eval_base_s0
[02:18:08Z] OK    exp5eval_base_s0
[02:18:08Z] START exp5eval_base_s1
[02:21:29Z] OK    exp5eval_base_s1
[02:21:29Z] START exp5eval_base_s2
[02:25:20Z] OK    exp5eval_base_s2
[02:25:20Z] START exp3_hi_ent0
[02:40:52Z] OK    exp3_hi_ent0
[02:40:52Z] START exp3_lo_ent0
[02:53:28Z] OK    exp3_lo_ent0
[02:53:28Z] START exp3_lo_entreg
[03:07:13Z] OK    exp3_lo_entreg
[03:07:13Z] START exp3_hi_beta
[03:25:14Z] OK    exp3_hi_beta
[03:25:14Z] START exp4_sftlite_s3
[03:27:12Z] OK    exp4_sftlite_s3
[03:27:12Z] START eval_sftlite_s3
[03:33:29Z] OK    eval_sftlite_s3
[03:33:29Z] START exp4_rllite_s3
[04:15:37Z] OK    exp4_rllite_s3
[04:15:37Z] START eval_rllite_s3
[04:22:12Z] OK    eval_rllite_s3
[04:22:12Z] START eval_base_s3
[04:26:33Z] OK    eval_base_s3
[04:26:33Z] START exp4_sftlite_s4
[04:27:57Z] OK    exp4_sftlite_s4
[04:27:57Z] START eval_sftlite_s4
[04:34:29Z] OK    eval_sftlite_s4
[04:34:29Z] START exp4_rllite_s4
[05:13:43Z] OK    exp4_rllite_s4
[05:13:43Z] START eval_rllite_s4
[05:20:01Z] OK    eval_rllite_s4
[05:20:01Z] START eval_base_s4
[05:24:13Z] OK    eval_base_s4
[05:24:13Z] ################ NEW TRAINING DONE ################
